// Jest Snapshot v1, https://goo.gl/fbAQLP

exports[`nbx add:tailwind should error if craco is found 1`] = `Array []`;

exports[`nbx add:tailwind should error if no react is found 1`] = `Array []`;

exports[`nbx add:tailwind should error if tailwind is found 1`] = `Array []`;

exports[`nbx add:tailwind should fail if no package.json found 1`] = `Array []`;

exports[`nbx add:tailwind should print help correctly 1`] = `
Array [
  "add tailwindcss to a project
",
  "USAGE
  $ nbx add:tailwind

OPTIONS
  -h, --help      show CLI help
  -v, --verbose   Verbose output
  --[no-]spinner  Enable spinner in cli output, true by default",
  "",
]
`;

exports[`nbx add:tailwind should work on a react application with commits 1`] = `
"@tailwind base;

/* Write your own custom base styles here */

/* Start purging... */
@tailwind components;
/* Stop purging. */

/* Start purging... */
@tailwind utilities;
/* Stop purging. */

/* Your own custom utilities */
"
`;

exports[`nbx add:tailwind should work on a react application with commits 2`] = `
Array [
  "Adding @craco/craco as a dev dependency",
  "The step was done without any error.",
  "Adding tailwindcss as a dependency",
  "The step was done without any error.",
  "Generating tailwind initial config",
  "The step was done without any error.",
  "Generating craco postcssconfig",
  "The step was done without any error.",
  "Generating tailwind full css",
  "The step was done without any error.",
  "Adding package.json scripts",
  "The step was done without any error.",
]
`;

exports[`nbx add:tailwind should work on a react application without commits 1`] = `
"@tailwind base;

/* Write your own custom base styles here */

/* Start purging... */
@tailwind components;
/* Stop purging. */

/* Start purging... */
@tailwind utilities;
/* Stop purging. */

/* Your own custom utilities */
"
`;

exports[`nbx add:tailwind should work on a react application without commits 2`] = `
Array [
  "Adding @craco/craco as a dev dependency",
  "The step was done without any error.",
  "Adding tailwindcss as a dependency",
  "The step was done without any error.",
  "Generating tailwind initial config",
  "The step was done without any error.",
  "Generating craco postcssconfig",
  "The step was done without any error.",
  "Generating tailwind full css",
  "The step was done without any error.",
  "Adding package.json scripts",
  "The step was done without any error.",
]
`;
